2026-04-20 03:09:01,045 [INFO] urbia.main — Nodo 192.168.0.103 — 50 medidores asignados
2026-04-20 03:09:01,496 [INFO] mqtt_publisher — Conectado a 192.168.0.101:1883
2026-04-20 03:09:04,435 [INFO] urbia.main — Conectado a 192.168.0.101:1883 — iniciando simulación
2026-04-20 03:10:04,679 [INFO] urbia.main — Ciclo 12 — enviados:50/50 total_pub:570 tasa_valid:100.0%
2026-04-20 03:11:09,984 [INFO] urbia.main — Ciclo 24 — enviados:50/50 total_pub:1175 tasa_valid:100.0%
2026-04-20 03:12:15,201 [INFO] urbia.main — Ciclo 36 — enviados:50/50 total_pub:1776 tasa_valid:100.0%
2026-04-20 03:13:20,473 [INFO] urbia.main — Ciclo 48 — enviados:50/50 total_pub:2376 tasa_valid:100.0%
2026-04-20 03:14:25,725 [INFO] urbia.main — Ciclo 60 — enviados:50/50 total_pub:2973 tasa_valid:100.0%
2026-04-20 03:15:30,950 [INFO] urbia.main — Ciclo 72 — enviados:50/50 total_pub:3578 tasa_valid:100.0%
2026-04-20 03:16:36,202 [INFO] urbia.main — Ciclo 84 — enviados:50/50 total_pub:4176 tasa_valid:100.0%
2026-04-20 03:17:41,388 [INFO] urbia.main — Ciclo 96 — enviados:50/50 total_pub:4778 tasa_valid:100.0%
2026-04-20 03:18:46,609 [INFO] urbia.main — Ciclo 108 — enviados:50/50 total_pub:5373 tasa_valid:100.0%
2026-04-20 03:19:51,826 [INFO] urbia.main — Ciclo 120 — enviados:50/50 total_pub:5978 tasa_valid:100.0%
2026-04-20 03:20:57,022 [INFO] urbia.main — Ciclo 132 — enviados:50/50 total_pub:6573 tasa_valid:100.0%
2026-04-20 03:22:02,244 [INFO] urbia.main — Ciclo 144 — enviados:50/50 total_pub:7171 tasa_valid:100.0%
2026-04-20 03:23:07,423 [INFO] urbia.main — Ciclo 156 — enviados:50/50 total_pub:7779 tasa_valid:100.0%
2026-04-20 03:24:12,654 [INFO] urbia.main — Ciclo 168 — enviados:50/50 total_pub:8369 tasa_valid:100.0%
2026-04-20 03:25:17,916 [INFO] urbia.main — Ciclo 180 — enviados:50/50 total_pub:8979 tasa_valid:100.0%
2026-04-20 03:26:23,124 [INFO] urbia.main — Ciclo 192 — enviados:50/50 total_pub:9573 tasa_valid:100.0%
2026-04-20 03:27:28,338 [INFO] urbia.main — Ciclo 204 — enviados:50/50 total_pub:10179 tasa_valid:100.0%
2026-04-20 03:28:33,599 [INFO] urbia.main — Ciclo 216 — enviados:50/50 total_pub:10770 tasa_valid:100.0%
2026-04-20 03:29:38,829 [INFO] urbia.main — Ciclo 228 — enviados:50/50 total_pub:11373 tasa_valid:100.0%
2026-04-20 03:30:44,062 [INFO] urbia.main — Ciclo 240 — enviados:50/50 total_pub:11970 tasa_valid:100.0%
2026-04-20 03:31:49,252 [INFO] urbia.main — Ciclo 252 — enviados:50/50 total_pub:12579 tasa_valid:100.0%
2026-04-20 03:32:54,495 [INFO] urbia.main — Ciclo 264 — enviados:50/50 total_pub:13178 tasa_valid:100.0%
2026-04-20 03:33:59,671 [INFO] urbia.main — Ciclo 276 — enviados:50/50 total_pub:13776 tasa_valid:100.0%
2026-04-20 03:35:04,914 [INFO] urbia.main — Ciclo 288 — enviados:50/50 total_pub:14373 tasa_valid:100.0%
2026-04-20 03:36:10,116 [INFO] urbia.main — Ciclo 300 — enviados:50/50 total_pub:14980 tasa_valid:100.0%
2026-04-20 03:37:15,316 [INFO] urbia.main — Ciclo 312 — enviados:50/50 total_pub:15573 tasa_valid:100.0%
2026-04-20 03:38:20,550 [INFO] urbia.main — Ciclo 324 — enviados:50/50 total_pub:16177 tasa_valid:100.0%
2026-04-20 03:39:25,776 [INFO] urbia.main — Ciclo 336 — enviados:50/50 total_pub:16773 tasa_valid:100.0%
2026-04-20 03:40:31,012 [INFO] urbia.main — Ciclo 348 — enviados:50/50 total_pub:17374 tasa_valid:100.0%
2026-04-20 03:41:36,293 [INFO] urbia.main — Ciclo 360 — enviados:50/50 total_pub:17972 tasa_valid:100.0%
2026-04-20 03:42:41,505 [INFO] urbia.main — Ciclo 372 — enviados:50/50 total_pub:18576 tasa_valid:100.0%
2026-04-20 03:43:46,706 [INFO] urbia.main — Ciclo 384 — enviados:50/50 total_pub:19178 tasa_valid:100.0%
2026-04-20 03:44:51,952 [INFO] urbia.main — Ciclo 396 — enviados:50/50 total_pub:19778 tasa_valid:100.0%
2026-04-20 03:45:57,152 [INFO] urbia.main — Ciclo 408 — enviados:50/50 total_pub:20375 tasa_valid:100.0%
2026-04-20 03:47:02,416 [INFO] urbia.main — Ciclo 420 — enviados:50/50 total_pub:20976 tasa_valid:100.0%
2026-04-20 03:48:07,654 [INFO] urbia.main — Ciclo 432 — enviados:50/50 total_pub:21574 tasa_valid:100.0%
2026-04-20 03:49:12,842 [INFO] urbia.main — Ciclo 444 — enviados:50/50 total_pub:22176 tasa_valid:100.0%
2026-04-20 03:50:18,057 [INFO] urbia.main — Ciclo 456 — enviados:50/50 total_pub:22779 tasa_valid:100.0%
2026-04-20 03:51:23,246 [INFO] urbia.main — Ciclo 468 — enviados:50/50 total_pub:23373 tasa_valid:100.0%
2026-04-20 03:52:28,477 [INFO] urbia.main — Ciclo 480 — enviados:50/50 total_pub:23978 tasa_valid:100.0%
2026-04-20 03:53:33,669 [INFO] urbia.main — Ciclo 492 — enviados:50/50 total_pub:24574 tasa_valid:100.0%
2026-04-20 03:54:38,857 [INFO] urbia.main — Ciclo 504 — enviados:50/50 total_pub:25171 tasa_valid:100.0%
2026-04-20 03:55:44,094 [INFO] urbia.main — Ciclo 516 — enviados:50/50 total_pub:25778 tasa_valid:100.0%
2026-04-20 03:56:49,325 [INFO] urbia.main — Ciclo 528 — enviados:50/50 total_pub:26378 tasa_valid:100.0%
2026-04-20 03:57:54,520 [INFO] urbia.main — Ciclo 540 — enviados:50/50 total_pub:26972 tasa_valid:100.0%
2026-04-20 03:58:59,732 [INFO] urbia.main — Ciclo 552 — enviados:50/50 total_pub:27576 tasa_valid:100.0%
2026-04-20 04:00:04,929 [INFO] urbia.main — Ciclo 564 — enviados:50/50 total_pub:28176 tasa_valid:100.0%
2026-04-20 04:01:10,211 [INFO] urbia.main — Ciclo 576 — enviados:50/50 total_pub:28774 tasa_valid:100.0%
2026-04-20 04:02:15,410 [INFO] urbia.main — Ciclo 588 — enviados:50/50 total_pub:29374 tasa_valid:100.0%
2026-04-20 04:03:20,650 [INFO] urbia.main — Ciclo 600 — enviados:50/50 total_pub:29974 tasa_valid:100.0%
2026-04-20 04:04:25,888 [INFO] urbia.main — Ciclo 612 — enviados:50/50 total_pub:30574 tasa_valid:100.0%
2026-04-20 04:05:31,140 [INFO] urbia.main — Ciclo 624 — enviados:50/50 total_pub:31171 tasa_valid:100.0%
2026-04-20 04:06:36,337 [INFO] urbia.main — Ciclo 636 — enviados:50/50 total_pub:31774 tasa_valid:100.0%
2026-04-20 04:07:41,541 [INFO] urbia.main — Ciclo 648 — enviados:50/50 total_pub:32369 tasa_valid:100.0%
2026-04-20 04:08:46,735 [INFO] urbia.main — Ciclo 660 — enviados:50/50 total_pub:32976 tasa_valid:100.0%
2026-04-20 04:09:51,958 [INFO] urbia.main — Ciclo 672 — enviados:50/50 total_pub:33573 tasa_valid:100.0%
2026-04-20 04:10:57,189 [INFO] urbia.main — Ciclo 684 — enviados:50/50 total_pub:34171 tasa_valid:100.0%
2026-04-20 04:12:02,424 [INFO] urbia.main — Ciclo 696 — enviados:50/50 total_pub:34772 tasa_valid:100.0%
2026-04-20 04:13:07,647 [INFO] urbia.main — Ciclo 708 — enviados:50/50 total_pub:35373 tasa_valid:100.0%
2026-04-20 04:14:12,953 [INFO] urbia.main — Ciclo 720 — enviados:50/50 total_pub:35974 tasa_valid:100.0%
2026-04-20 04:15:18,143 [INFO] urbia.main — Ciclo 732 — enviados:50/50 total_pub:36578 tasa_valid:100.0%
2026-04-20 04:16:23,369 [INFO] urbia.main — Ciclo 744 — enviados:50/50 total_pub:37166 tasa_valid:100.0%
2026-04-20 04:17:28,572 [INFO] urbia.main — Ciclo 756 — enviados:50/50 total_pub:37773 tasa_valid:100.0%
2026-04-20 04:18:33,786 [INFO] urbia.main — Ciclo 768 — enviados:50/50 total_pub:38369 tasa_valid:100.0%
2026-04-20 04:19:39,042 [INFO] urbia.main — Ciclo 780 — enviados:50/50 total_pub:38976 tasa_valid:100.0%
2026-04-20 04:20:44,257 [INFO] urbia.main — Ciclo 792 — enviados:50/50 total_pub:39573 tasa_valid:100.0%
2026-04-20 04:21:49,493 [INFO] urbia.main — Ciclo 804 — enviados:50/50 total_pub:40177 tasa_valid:100.0%
2026-04-20 04:22:54,695 [INFO] urbia.main — Ciclo 816 — enviados:50/50 total_pub:40770 tasa_valid:100.0%
2026-04-20 04:23:59,955 [INFO] urbia.main — Ciclo 828 — enviados:50/50 total_pub:41377 tasa_valid:100.0%
2026-04-20 04:25:05,157 [INFO] urbia.main — Ciclo 840 — enviados:50/50 total_pub:41973 tasa_valid:100.0%
2026-04-20 04:26:10,381 [INFO] urbia.main — Ciclo 852 — enviados:50/50 total_pub:42575 tasa_valid:100.0%
2026-04-20 04:27:15,598 [INFO] urbia.main — Ciclo 864 — enviados:50/50 total_pub:43177 tasa_valid:100.0%
2026-04-20 04:28:20,868 [INFO] urbia.main — Ciclo 876 — enviados:50/50 total_pub:43775 tasa_valid:100.0%
2026-04-20 04:29:26,077 [INFO] urbia.main — Ciclo 888 — enviados:50/50 total_pub:44380 tasa_valid:100.0%
2026-04-20 04:30:31,331 [INFO] urbia.main — Ciclo 900 — enviados:50/50 total_pub:44978 tasa_valid:100.0%
2026-04-20 04:31:36,551 [INFO] urbia.main — Ciclo 912 — enviados:50/50 total_pub:45579 tasa_valid:100.0%
2026-04-20 04:32:41,805 [INFO] urbia.main — Ciclo 924 — enviados:50/50 total_pub:46172 tasa_valid:100.0%
2026-04-20 04:33:47,033 [INFO] urbia.main — Ciclo 936 — enviados:50/50 total_pub:46776 tasa_valid:100.0%
2026-04-20 04:34:52,236 [INFO] urbia.main — Ciclo 948 — enviados:50/50 total_pub:47375 tasa_valid:100.0%
2026-04-20 04:35:57,472 [INFO] urbia.main — Ciclo 960 — enviados:50/50 total_pub:47976 tasa_valid:100.0%
2026-04-20 04:37:02,725 [INFO] urbia.main — Ciclo 972 — enviados:50/50 total_pub:48571 tasa_valid:100.0%
2026-04-20 04:38:07,917 [INFO] urbia.main — Ciclo 984 — enviados:50/50 total_pub:49180 tasa_valid:100.0%
2026-04-20 04:39:13,124 [INFO] urbia.main — Ciclo 996 — enviados:50/50 total_pub:49773 tasa_valid:100.0%
2026-04-20 04:40:18,329 [INFO] urbia.main — Ciclo 1008 — enviados:50/50 total_pub:50378 tasa_valid:100.0%
2026-04-20 04:41:23,567 [INFO] urbia.main — Ciclo 1020 — enviados:50/50 total_pub:50973 tasa_valid:100.0%
2026-04-20 04:42:28,793 [INFO] urbia.main — Ciclo 1032 — enviados:50/50 total_pub:51576 tasa_valid:100.0%
2026-04-20 04:43:33,990 [INFO] urbia.main — Ciclo 1044 — enviados:50/50 total_pub:52173 tasa_valid:100.0%
2026-04-20 04:44:39,228 [INFO] urbia.main — Ciclo 1056 — enviados:50/50 total_pub:52775 tasa_valid:100.0%
2026-04-20 04:45:44,448 [INFO] urbia.main — Ciclo 1068 — enviados:50/50 total_pub:53372 tasa_valid:100.0%
2026-04-20 04:46:49,659 [INFO] urbia.main — Ciclo 1080 — enviados:50/50 total_pub:53971 tasa_valid:100.0%
2026-04-20 04:47:54,886 [INFO] urbia.main — Ciclo 1092 — enviados:50/50 total_pub:54574 tasa_valid:100.0%
2026-04-20 04:49:00,094 [INFO] urbia.main — Ciclo 1104 — enviados:50/50 total_pub:55171 tasa_valid:100.0%
2026-04-20 04:50:05,302 [INFO] urbia.main — Ciclo 1116 — enviados:50/50 total_pub:55776 tasa_valid:100.0%
2026-04-20 04:51:10,486 [INFO] urbia.main — Ciclo 1128 — enviados:50/50 total_pub:56377 tasa_valid:100.0%
2026-04-20 04:52:15,679 [INFO] urbia.main — Ciclo 1140 — enviados:50/50 total_pub:56973 tasa_valid:100.0%
2026-04-20 04:53:20,911 [INFO] urbia.main — Ciclo 1152 — enviados:50/50 total_pub:57574 tasa_valid:100.0%
2026-04-20 04:54:26,158 [INFO] urbia.main — Ciclo 1164 — enviados:50/50 total_pub:58166 tasa_valid:100.0%
2026-04-20 04:55:31,409 [INFO] urbia.main — Ciclo 1176 — enviados:50/50 total_pub:58776 tasa_valid:100.0%
2026-04-20 04:56:36,621 [INFO] urbia.main — Ciclo 1188 — enviados:50/50 total_pub:59375 tasa_valid:100.0%
2026-04-20 04:57:41,822 [INFO] urbia.main — Ciclo 1200 — enviados:50/50 total_pub:59975 tasa_valid:100.0%
2026-04-20 04:58:47,039 [INFO] urbia.main — Ciclo 1212 — enviados:50/50 total_pub:60576 tasa_valid:100.0%
2026-04-20 04:59:52,271 [INFO] urbia.main — Ciclo 1224 — enviados:50/50 total_pub:61172 tasa_valid:100.0%
2026-04-20 05:00:57,527 [INFO] urbia.main — Ciclo 1236 — enviados:50/50 total_pub:61776 tasa_valid:100.0%
2026-04-20 05:02:02,774 [INFO] urbia.main — Ciclo 1248 — enviados:50/50 total_pub:62374 tasa_valid:100.0%
2026-04-20 05:03:08,005 [INFO] urbia.main — Ciclo 1260 — enviados:50/50 total_pub:62975 tasa_valid:100.0%
2026-04-20 05:04:13,224 [INFO] urbia.main — Ciclo 1272 — enviados:50/50 total_pub:63571 tasa_valid:100.0%
2026-04-20 05:05:18,397 [INFO] urbia.main — Ciclo 1284 — enviados:50/50 total_pub:64170 tasa_valid:100.0%
2026-04-20 05:06:23,588 [INFO] urbia.main — Ciclo 1296 — enviados:50/50 total_pub:64767 tasa_valid:100.0%
2026-04-20 05:07:28,792 [INFO] urbia.main — Ciclo 1308 — enviados:50/50 total_pub:65376 tasa_valid:100.0%
2026-04-20 05:08:34,074 [INFO] urbia.main — Ciclo 1320 — enviados:50/50 total_pub:65976 tasa_valid:100.0%
2026-04-20 05:09:39,313 [INFO] urbia.main — Ciclo 1332 — enviados:50/50 total_pub:66573 tasa_valid:100.0%
2026-04-20 05:10:44,539 [INFO] urbia.main — Ciclo 1344 — enviados:50/50 total_pub:67176 tasa_valid:100.0%
2026-04-20 05:11:49,773 [INFO] urbia.main — Ciclo 1356 — enviados:50/50 total_pub:67777 tasa_valid:100.0%
2026-04-20 05:12:55,044 [INFO] urbia.main — Ciclo 1368 — enviados:50/50 total_pub:68377 tasa_valid:100.0%
2026-04-20 05:14:00,263 [INFO] urbia.main — Ciclo 1380 — enviados:50/50 total_pub:68972 tasa_valid:100.0%
2026-04-20 05:15:05,489 [INFO] urbia.main — Ciclo 1392 — enviados:50/50 total_pub:69579 tasa_valid:100.0%
2026-04-20 05:16:10,719 [INFO] urbia.main — Ciclo 1404 — enviados:50/50 total_pub:70179 tasa_valid:100.0%
2026-04-20 05:17:15,961 [INFO] urbia.main — Ciclo 1416 — enviados:50/50 total_pub:70778 tasa_valid:100.0%
2026-04-20 05:18:21,192 [INFO] urbia.main — Ciclo 1428 — enviados:50/50 total_pub:71374 tasa_valid:100.0%
2026-04-20 05:19:26,399 [INFO] urbia.main — Ciclo 1440 — enviados:50/50 total_pub:71979 tasa_valid:100.0%
2026-04-20 05:20:31,621 [INFO] urbia.main — Ciclo 1452 — enviados:50/50 total_pub:72569 tasa_valid:100.0%
2026-04-20 05:21:36,883 [INFO] urbia.main — Ciclo 1464 — enviados:50/50 total_pub:73179 tasa_valid:100.0%
2026-04-20 05:22:42,098 [INFO] urbia.main — Ciclo 1476 — enviados:50/50 total_pub:73775 tasa_valid:100.0%
2026-04-20 05:23:47,313 [INFO] urbia.main — Ciclo 1488 — enviados:50/50 total_pub:74368 tasa_valid:100.0%
2026-04-20 05:24:52,509 [INFO] urbia.main — Ciclo 1500 — enviados:50/50 total_pub:74978 tasa_valid:100.0%
2026-04-20 05:25:57,780 [INFO] urbia.main — Ciclo 1512 — enviados:50/50 total_pub:75580 tasa_valid:100.0%
2026-04-20 05:27:03,063 [INFO] urbia.main — Ciclo 1524 — enviados:50/50 total_pub:76170 tasa_valid:100.0%
2026-04-20 05:28:08,284 [INFO] urbia.main — Ciclo 1536 — enviados:50/50 total_pub:76776 tasa_valid:100.0%
2026-04-20 05:29:13,526 [INFO] urbia.main — Ciclo 1548 — enviados:50/50 total_pub:77379 tasa_valid:100.0%
2026-04-20 05:30:18,765 [INFO] urbia.main — Ciclo 1560 — enviados:50/50 total_pub:77972 tasa_valid:100.0%
2026-04-20 05:31:23,982 [INFO] urbia.main — Ciclo 1572 — enviados:50/50 total_pub:78579 tasa_valid:100.0%
2026-04-20 05:32:29,216 [INFO] urbia.main — Ciclo 1584 — enviados:50/50 total_pub:79176 tasa_valid:100.0%
2026-04-20 05:33:34,446 [INFO] urbia.main — Ciclo 1596 — enviados:50/50 total_pub:79777 tasa_valid:100.0%
2026-04-20 05:34:39,678 [INFO] urbia.main — Ciclo 1608 — enviados:50/50 total_pub:80377 tasa_valid:100.0%
2026-04-20 05:35:44,878 [INFO] urbia.main — Ciclo 1620 — enviados:50/50 total_pub:80978 tasa_valid:100.0%
2026-04-20 05:36:50,089 [INFO] urbia.main — Ciclo 1632 — enviados:50/50 total_pub:81574 tasa_valid:100.0%
2026-04-20 05:37:55,317 [INFO] urbia.main — Ciclo 1644 — enviados:50/50 total_pub:82170 tasa_valid:100.0%
2026-04-20 05:39:00,516 [INFO] urbia.main — Ciclo 1656 — enviados:50/50 total_pub:82777 tasa_valid:100.0%
2026-04-20 05:40:05,847 [INFO] urbia.main — Ciclo 1668 — enviados:50/50 total_pub:83372 tasa_valid:100.0%
2026-04-20 05:41:11,063 [INFO] urbia.main — Ciclo 1680 — enviados:50/50 total_pub:83979 tasa_valid:100.0%
2026-04-20 05:42:16,281 [INFO] urbia.main — Ciclo 1692 — enviados:50/50 total_pub:84570 tasa_valid:100.0%
2026-04-20 05:43:21,547 [INFO] urbia.main — Ciclo 1704 — enviados:50/50 total_pub:85175 tasa_valid:100.0%
2026-04-20 05:44:26,777 [INFO] urbia.main — Ciclo 1716 — enviados:50/50 total_pub:85776 tasa_valid:100.0%
2026-04-20 05:45:31,986 [INFO] urbia.main — Ciclo 1728 — enviados:50/50 total_pub:86373 tasa_valid:100.0%
2026-04-20 05:46:37,186 [INFO] urbia.main — Ciclo 1740 — enviados:50/50 total_pub:86972 tasa_valid:100.0%
2026-04-20 05:47:42,420 [INFO] urbia.main — Ciclo 1752 — enviados:50/50 total_pub:87574 tasa_valid:100.0%
2026-04-20 05:48:47,632 [INFO] urbia.main — Ciclo 1764 — enviados:50/50 total_pub:88175 tasa_valid:100.0%
2026-04-20 05:49:52,833 [INFO] urbia.main — Ciclo 1776 — enviados:50/50 total_pub:88779 tasa_valid:100.0%
2026-04-20 05:50:58,067 [INFO] urbia.main — Ciclo 1788 — enviados:50/50 total_pub:89380 tasa_valid:100.0%
2026-04-20 05:52:03,285 [INFO] urbia.main — Ciclo 1800 — enviados:50/50 total_pub:89975 tasa_valid:100.0%
2026-04-20 05:53:08,481 [INFO] urbia.main — Ciclo 1812 — enviados:50/50 total_pub:90576 tasa_valid:100.0%
2026-04-20 05:54:13,733 [INFO] urbia.main — Ciclo 1824 — enviados:50/50 total_pub:91174 tasa_valid:100.0%
2026-04-20 05:55:18,961 [INFO] urbia.main — Ciclo 1836 — enviados:50/50 total_pub:91780 tasa_valid:100.0%
2026-04-20 05:56:24,190 [INFO] urbia.main — Ciclo 1848 — enviados:50/50 total_pub:92376 tasa_valid:100.0%
2026-04-20 05:57:29,412 [INFO] urbia.main — Ciclo 1860 — enviados:50/50 total_pub:92978 tasa_valid:100.0%
2026-04-20 05:58:34,681 [INFO] urbia.main — Ciclo 1872 — enviados:50/50 total_pub:93574 tasa_valid:100.0%
2026-04-20 05:59:39,887 [INFO] urbia.main — Ciclo 1884 — enviados:50/50 total_pub:94177 tasa_valid:100.0%
2026-04-20 06:00:45,138 [INFO] urbia.main — Ciclo 1896 — enviados:50/50 total_pub:94774 tasa_valid:100.0%
2026-04-20 06:01:50,381 [INFO] urbia.main — Ciclo 1908 — enviados:50/50 total_pub:95378 tasa_valid:100.0%
2026-04-20 06:02:55,601 [INFO] urbia.main — Ciclo 1920 — enviados:50/50 total_pub:95977 tasa_valid:100.0%
2026-04-20 06:04:00,794 [INFO] urbia.main — Ciclo 1932 — enviados:50/50 total_pub:96578 tasa_valid:100.0%
2026-04-20 06:05:06,035 [INFO] urbia.main — Ciclo 1944 — enviados:50/50 total_pub:97172 tasa_valid:100.0%
2026-04-20 06:06:11,254 [INFO] urbia.main — Ciclo 1956 — enviados:50/50 total_pub:97776 tasa_valid:100.0%
2026-04-20 06:07:16,496 [INFO] urbia.main — Ciclo 1968 — enviados:50/50 total_pub:98370 tasa_valid:100.0%
2026-04-20 06:08:21,716 [INFO] urbia.main — Ciclo 1980 — enviados:50/50 total_pub:98978 tasa_valid:100.0%
2026-04-20 06:09:26,901 [INFO] urbia.main — Ciclo 1992 — enviados:50/50 total_pub:99577 tasa_valid:100.0%
2026-04-20 06:10:32,155 [INFO] urbia.main — Ciclo 2004 — enviados:50/50 total_pub:100175 tasa_valid:100.0%
2026-04-20 06:11:37,410 [INFO] urbia.main — Ciclo 2016 — enviados:50/50 total_pub:100779 tasa_valid:100.0%
2026-04-20 06:12:42,710 [INFO] urbia.main — Ciclo 2028 — enviados:50/50 total_pub:101374 tasa_valid:100.0%
2026-04-20 06:13:47,922 [INFO] urbia.main — Ciclo 2040 — enviados:50/50 total_pub:101973 tasa_valid:100.0%
2026-04-20 06:14:53,128 [INFO] urbia.main — Ciclo 2052 — enviados:50/50 total_pub:102572 tasa_valid:100.0%
2026-04-20 06:15:58,363 [INFO] urbia.main — Ciclo 2064 — enviados:50/50 total_pub:103173 tasa_valid:100.0%
2026-04-20 06:17:03,554 [INFO] urbia.main — Ciclo 2076 — enviados:50/50 total_pub:103773 tasa_valid:100.0%
2026-04-20 06:18:08,747 [INFO] urbia.main — Ciclo 2088 — enviados:50/50 total_pub:104372 tasa_valid:100.0%
2026-04-20 06:19:13,986 [INFO] urbia.main — Ciclo 2100 — enviados:50/50 total_pub:104971 tasa_valid:100.0%
2026-04-20 06:20:19,196 [INFO] urbia.main — Ciclo 2112 — enviados:50/50 total_pub:105577 tasa_valid:100.0%
2026-04-20 06:21:24,432 [INFO] urbia.main — Ciclo 2124 — enviados:50/50 total_pub:106174 tasa_valid:100.0%
2026-04-20 06:22:29,625 [INFO] urbia.main — Ciclo 2136 — enviados:50/50 total_pub:106775 tasa_valid:100.0%
2026-04-20 06:23:34,886 [INFO] urbia.main — Ciclo 2148 — enviados:50/50 total_pub:107370 tasa_valid:100.0%
2026-04-20 06:24:40,154 [INFO] urbia.main — Ciclo 2160 — enviados:50/50 total_pub:107979 tasa_valid:100.0%
2026-04-20 06:25:45,382 [INFO] urbia.main — Ciclo 2172 — enviados:50/50 total_pub:108575 tasa_valid:100.0%
2026-04-20 06:26:50,617 [INFO] urbia.main — Ciclo 2184 — enviados:50/50 total_pub:109175 tasa_valid:100.0%
2026-04-20 06:27:55,854 [INFO] urbia.main — Ciclo 2196 — enviados:50/50 total_pub:109778 tasa_valid:100.0%
2026-04-20 06:29:01,075 [INFO] urbia.main — Ciclo 2208 — enviados:50/50 total_pub:110375 tasa_valid:100.0%
2026-04-20 06:30:06,261 [INFO] urbia.main — Ciclo 2220 — enviados:50/50 total_pub:110974 tasa_valid:100.0%
2026-04-20 06:31:11,487 [INFO] urbia.main — Ciclo 2232 — enviados:50/50 total_pub:111578 tasa_valid:100.0%
2026-04-20 06:32:16,715 [INFO] urbia.main — Ciclo 2244 — enviados:50/50 total_pub:112175 tasa_valid:100.0%
2026-04-20 06:33:21,948 [INFO] urbia.main — Ciclo 2256 — enviados:50/50 total_pub:112775 tasa_valid:100.0%
2026-04-20 06:34:27,229 [INFO] urbia.main — Ciclo 2268 — enviados:50/50 total_pub:113374 tasa_valid:100.0%
2026-04-20 06:35:32,470 [INFO] urbia.main — Ciclo 2280 — enviados:50/50 total_pub:113981 tasa_valid:100.0%
2026-04-20 06:36:37,711 [INFO] urbia.main — Ciclo 2292 — enviados:50/50 total_pub:114577 tasa_valid:100.0%
2026-04-20 06:37:42,974 [INFO] urbia.main — Ciclo 2304 — enviados:50/50 total_pub:115177 tasa_valid:100.0%
2026-04-20 06:38:48,193 [INFO] urbia.main — Ciclo 2316 — enviados:50/50 total_pub:115771 tasa_valid:100.0%
2026-04-20 06:39:53,402 [INFO] urbia.main — Ciclo 2328 — enviados:50/50 total_pub:116377 tasa_valid:100.0%
2026-04-20 06:40:58,661 [INFO] urbia.main — Ciclo 2340 — enviados:50/50 total_pub:116974 tasa_valid:100.0%
2026-04-20 06:42:03,832 [INFO] urbia.main — Ciclo 2352 — enviados:50/50 total_pub:117578 tasa_valid:100.0%
2026-04-20 06:43:09,067 [INFO] urbia.main — Ciclo 2364 — enviados:50/50 total_pub:118178 tasa_valid:100.0%
2026-04-20 06:44:14,279 [INFO] urbia.main — Ciclo 2376 — enviados:50/50 total_pub:118774 tasa_valid:100.0%
2026-04-20 06:45:19,473 [INFO] urbia.main — Ciclo 2388 — enviados:50/50 total_pub:119377 tasa_valid:100.0%
2026-04-20 06:46:24,739 [INFO] urbia.main — Ciclo 2400 — enviados:50/50 total_pub:119977 tasa_valid:100.0%
2026-04-20 06:47:29,957 [INFO] urbia.main — Ciclo 2412 — enviados:50/50 total_pub:120577 tasa_valid:100.0%
2026-04-20 06:48:35,229 [INFO] urbia.main — Ciclo 2424 — enviados:50/50 total_pub:121179 tasa_valid:100.0%
2026-04-20 06:49:40,472 [INFO] urbia.main — Ciclo 2436 — enviados:50/50 total_pub:121777 tasa_valid:100.0%
2026-04-20 06:50:45,698 [INFO] urbia.main — Ciclo 2448 — enviados:50/50 total_pub:122373 tasa_valid:100.0%
2026-04-20 06:51:50,955 [INFO] urbia.main — Ciclo 2460 — enviados:50/50 total_pub:122970 tasa_valid:100.0%
2026-04-20 06:52:56,129 [INFO] urbia.main — Ciclo 2472 — enviados:50/50 total_pub:123580 tasa_valid:100.0%
2026-04-20 06:54:01,359 [INFO] urbia.main — Ciclo 2484 — enviados:50/50 total_pub:124170 tasa_valid:100.0%
2026-04-20 06:55:06,559 [INFO] urbia.main — Ciclo 2496 — enviados:50/50 total_pub:124778 tasa_valid:100.0%
2026-04-20 06:56:11,814 [INFO] urbia.main — Ciclo 2508 — enviados:50/50 total_pub:125373 tasa_valid:100.0%
2026-04-20 06:57:17,019 [INFO] urbia.main — Ciclo 2520 — enviados:50/50 total_pub:125977 tasa_valid:100.0%
2026-04-20 06:58:22,236 [INFO] urbia.main — Ciclo 2532 — enviados:50/50 total_pub:126573 tasa_valid:100.0%
2026-04-20 06:59:27,456 [INFO] urbia.main — Ciclo 2544 — enviados:50/50 total_pub:127176 tasa_valid:100.0%
2026-04-20 07:00:32,718 [INFO] urbia.main — Ciclo 2556 — enviados:50/50 total_pub:127769 tasa_valid:100.0%
2026-04-20 07:01:37,912 [INFO] urbia.main — Ciclo 2568 — enviados:50/50 total_pub:128375 tasa_valid:100.0%
2026-04-20 07:02:43,186 [INFO] urbia.main — Ciclo 2580 — enviados:50/50 total_pub:128976 tasa_valid:100.0%
2026-04-20 07:03:48,393 [INFO] urbia.main — Ciclo 2592 — enviados:50/50 total_pub:129577 tasa_valid:100.0%
2026-04-20 07:04:53,632 [INFO] urbia.main — Ciclo 2604 — enviados:50/50 total_pub:130174 tasa_valid:100.0%
2026-04-20 07:05:58,908 [INFO] urbia.main — Ciclo 2616 — enviados:50/50 total_pub:130773 tasa_valid:100.0%
2026-04-20 07:07:04,137 [INFO] urbia.main — Ciclo 2628 — enviados:50/50 total_pub:131377 tasa_valid:100.0%
2026-04-20 07:08:09,341 [INFO] urbia.main — Ciclo 2640 — enviados:50/50 total_pub:131983 tasa_valid:100.0%
2026-04-20 07:09:14,598 [INFO] urbia.main — Ciclo 2652 — enviados:50/50 total_pub:132579 tasa_valid:100.0%
2026-04-20 07:10:19,789 [INFO] urbia.main — Ciclo 2664 — enviados:50/50 total_pub:133178 tasa_valid:100.0%
2026-04-20 07:11:24,998 [INFO] urbia.main — Ciclo 2676 — enviados:50/50 total_pub:133771 tasa_valid:100.0%
2026-04-20 07:12:30,187 [INFO] urbia.main — Ciclo 2688 — enviados:50/50 total_pub:134376 tasa_valid:100.0%
2026-04-20 07:13:35,458 [INFO] urbia.main — Ciclo 2700 — enviados:50/50 total_pub:134977 tasa_valid:100.0%
2026-04-20 07:14:40,646 [INFO] urbia.main — Ciclo 2712 — enviados:50/50 total_pub:135576 tasa_valid:100.0%
2026-04-20 07:15:45,908 [INFO] urbia.main — Ciclo 2724 — enviados:50/50 total_pub:136171 tasa_valid:100.0%
2026-04-20 07:16:51,088 [INFO] urbia.main — Ciclo 2736 — enviados:50/50 total_pub:136780 tasa_valid:100.0%
2026-04-20 07:17:56,321 [INFO] urbia.main — Ciclo 2748 — enviados:50/50 total_pub:137378 tasa_valid:100.0%
2026-04-20 07:19:01,588 [INFO] urbia.main — Ciclo 2760 — enviados:50/50 total_pub:137977 tasa_valid:100.0%
2026-04-20 07:20:06,784 [INFO] urbia.main — Ciclo 2772 — enviados:50/50 total_pub:138574 tasa_valid:100.0%
2026-04-20 07:21:11,964 [INFO] urbia.main — Ciclo 2784 — enviados:50/50 total_pub:139174 tasa_valid:100.0%
2026-04-20 07:22:17,202 [INFO] urbia.main — Ciclo 2796 — enviados:50/50 total_pub:139772 tasa_valid:100.0%
2026-04-20 07:23:22,392 [INFO] urbia.main — Ciclo 2808 — enviados:50/50 total_pub:140377 tasa_valid:100.0%
2026-04-20 07:24:27,597 [INFO] urbia.main — Ciclo 2820 — enviados:50/50 total_pub:140975 tasa_valid:100.0%
2026-04-20 07:25:32,840 [INFO] urbia.main — Ciclo 2832 — enviados:50/50 total_pub:141579 tasa_valid:100.0%
2026-04-20 07:26:38,052 [INFO] urbia.main — Ciclo 2844 — enviados:50/50 total_pub:142172 tasa_valid:100.0%
2026-04-20 07:27:43,264 [INFO] urbia.main — Ciclo 2856 — enviados:50/50 total_pub:142774 tasa_valid:100.0%
2026-04-20 07:28:48,441 [INFO] urbia.main — Ciclo 2868 — enviados:50/50 total_pub:143377 tasa_valid:100.0%
2026-04-20 07:29:53,694 [INFO] urbia.main — Ciclo 2880 — enviados:50/50 total_pub:143974 tasa_valid:100.0%
2026-04-20 07:30:58,912 [INFO] urbia.main — Ciclo 2892 — enviados:50/50 total_pub:144573 tasa_valid:100.0%
2026-04-20 07:32:04,185 [INFO] urbia.main — Ciclo 2904 — enviados:50/50 total_pub:145178 tasa_valid:100.0%
2026-04-20 07:33:09,406 [INFO] urbia.main — Ciclo 2916 — enviados:50/50 total_pub:145778 tasa_valid:100.0%
2026-04-20 07:34:14,623 [INFO] urbia.main — Ciclo 2928 — enviados:50/50 total_pub:146376 tasa_valid:100.0%
2026-04-20 07:35:19,866 [INFO] urbia.main — Ciclo 2940 — enviados:50/50 total_pub:146970 tasa_valid:100.0%
2026-04-20 07:36:25,107 [INFO] urbia.main — Ciclo 2952 — enviados:50/50 total_pub:147576 tasa_valid:100.0%
2026-04-20 07:37:30,324 [INFO] urbia.main — Ciclo 2964 — enviados:50/50 total_pub:148175 tasa_valid:100.0%
2026-04-20 07:38:35,561 [INFO] urbia.main — Ciclo 2976 — enviados:50/50 total_pub:148779 tasa_valid:100.0%
2026-04-20 07:39:40,790 [INFO] urbia.main — Ciclo 2988 — enviados:50/50 total_pub:149374 tasa_valid:100.0%
2026-04-20 07:40:46,050 [INFO] urbia.main — Ciclo 3000 — enviados:50/50 total_pub:149980 tasa_valid:100.0%
2026-04-20 07:41:51,252 [INFO] urbia.main — Ciclo 3012 — enviados:50/50 total_pub:150576 tasa_valid:100.0%
2026-04-20 07:42:56,490 [INFO] urbia.main — Ciclo 3024 — enviados:50/50 total_pub:151174 tasa_valid:100.0%
2026-04-20 07:44:01,712 [INFO] urbia.main — Ciclo 3036 — enviados:50/50 total_pub:151776 tasa_valid:100.0%
2026-04-20 07:45:06,960 [INFO] urbia.main — Ciclo 3048 — enviados:50/50 total_pub:152373 tasa_valid:100.0%
2026-04-20 07:46:12,206 [INFO] urbia.main — Ciclo 3060 — enviados:50/50 total_pub:152974 tasa_valid:100.0%
2026-04-20 07:47:17,436 [INFO] urbia.main — Ciclo 3072 — enviados:50/50 total_pub:153571 tasa_valid:100.0%
2026-04-20 07:48:22,658 [INFO] urbia.main — Ciclo 3084 — enviados:50/50 total_pub:154175 tasa_valid:100.0%
2026-04-20 07:49:27,916 [INFO] urbia.main — Ciclo 3096 — enviados:50/50 total_pub:154774 tasa_valid:100.0%
2026-04-20 07:50:33,187 [INFO] urbia.main — Ciclo 3108 — enviados:50/50 total_pub:155380 tasa_valid:100.0%
2026-04-20 07:51:38,412 [INFO] urbia.main — Ciclo 3120 — enviados:50/50 total_pub:155976 tasa_valid:100.0%
2026-04-20 07:52:43,633 [INFO] urbia.main — Ciclo 3132 — enviados:50/50 total_pub:156578 tasa_valid:100.0%
2026-04-20 07:53:48,853 [INFO] urbia.main — Ciclo 3144 — enviados:50/50 total_pub:157175 tasa_valid:100.0%
2026-04-20 07:54:54,057 [INFO] urbia.main — Ciclo 3156 — enviados:50/50 total_pub:157775 tasa_valid:100.0%
2026-04-20 07:55:59,236 [INFO] urbia.main — Ciclo 3168 — enviados:50/50 total_pub:158379 tasa_valid:100.0%
2026-04-20 07:57:04,441 [INFO] urbia.main — Ciclo 3180 — enviados:50/50 total_pub:158978 tasa_valid:100.0%
2026-04-20 07:58:09,659 [INFO] urbia.main — Ciclo 3192 — enviados:50/50 total_pub:159579 tasa_valid:100.0%
2026-04-20 07:59:14,869 [INFO] urbia.main — Ciclo 3204 — enviados:50/50 total_pub:160176 tasa_valid:100.0%
2026-04-20 08:00:20,083 [INFO] urbia.main — Ciclo 3216 — enviados:50/50 total_pub:160778 tasa_valid:100.0%
2026-04-20 08:01:25,298 [INFO] urbia.main — Ciclo 3228 — enviados:50/50 total_pub:161379 tasa_valid:100.0%
2026-04-20 08:02:30,553 [INFO] urbia.main — Ciclo 3240 — enviados:50/50 total_pub:161976 tasa_valid:100.0%
2026-04-20 08:03:35,803 [INFO] urbia.main — Ciclo 3252 — enviados:50/50 total_pub:162575 tasa_valid:100.0%
2026-04-20 08:04:41,018 [INFO] urbia.main — Ciclo 3264 — enviados:50/50 total_pub:163172 tasa_valid:100.0%
2026-04-20 08:05:46,200 [INFO] urbia.main — Ciclo 3276 — enviados:50/50 total_pub:163777 tasa_valid:100.0%
2026-04-20 08:06:51,397 [INFO] urbia.main — Ciclo 3288 — enviados:50/50 total_pub:164379 tasa_valid:100.0%
2026-04-20 08:07:56,654 [INFO] urbia.main — Ciclo 3300 — enviados:50/50 total_pub:164974 tasa_valid:100.0%
2026-04-20 08:09:01,824 [INFO] urbia.main — Ciclo 3312 — enviados:50/50 total_pub:165576 tasa_valid:100.0%
2026-04-20 08:10:07,065 [INFO] urbia.main — Ciclo 3324 — enviados:50/50 total_pub:166172 tasa_valid:100.0%
2026-04-20 08:11:12,319 [INFO] urbia.main — Ciclo 3336 — enviados:50/50 total_pub:166768 tasa_valid:100.0%
2026-04-20 08:12:17,566 [INFO] urbia.main — Ciclo 3348 — enviados:50/50 total_pub:167377 tasa_valid:100.0%
2026-04-20 08:13:22,761 [INFO] urbia.main — Ciclo 3360 — enviados:50/50 total_pub:167971 tasa_valid:100.0%
2026-04-20 08:14:27,961 [INFO] urbia.main — Ciclo 3372 — enviados:50/50 total_pub:168579 tasa_valid:100.0%
2026-04-20 08:15:33,194 [INFO] urbia.main — Ciclo 3384 — enviados:50/50 total_pub:169179 tasa_valid:100.0%
2026-04-20 08:16:38,423 [INFO] urbia.main — Ciclo 3396 — enviados:50/50 total_pub:169776 tasa_valid:100.0%
2026-04-20 08:17:43,627 [INFO] urbia.main — Ciclo 3408 — enviados:50/50 total_pub:170375 tasa_valid:100.0%
2026-04-20 08:18:48,824 [INFO] urbia.main — Ciclo 3420 — enviados:50/50 total_pub:170976 tasa_valid:100.0%
2026-04-20 08:19:54,019 [INFO] urbia.main — Ciclo 3432 — enviados:50/50 total_pub:171577 tasa_valid:100.0%
2026-04-20 08:20:59,260 [INFO] urbia.main — Ciclo 3444 — enviados:50/50 total_pub:172175 tasa_valid:100.0%
2026-04-20 08:22:04,488 [INFO] urbia.main — Ciclo 3456 — enviados:50/50 total_pub:172778 tasa_valid:100.0%
2026-04-20 08:23:09,688 [INFO] urbia.main — Ciclo 3468 — enviados:50/50 total_pub:173372 tasa_valid:100.0%
2026-04-20 08:24:14,894 [INFO] urbia.main — Ciclo 3480 — enviados:50/50 total_pub:173970 tasa_valid:100.0%
2026-04-20 08:25:20,099 [INFO] urbia.main — Ciclo 3492 — enviados:50/50 total_pub:174571 tasa_valid:100.0%
2026-04-20 08:26:25,350 [INFO] urbia.main — Ciclo 3504 — enviados:50/50 total_pub:175176 tasa_valid:100.0%
2026-04-20 08:27:30,584 [INFO] urbia.main — Ciclo 3516 — enviados:50/50 total_pub:175779 tasa_valid:100.0%
2026-04-20 08:28:35,821 [INFO] urbia.main — Ciclo 3528 — enviados:50/50 total_pub:176377 tasa_valid:100.0%
2026-04-20 08:29:41,042 [INFO] urbia.main — Ciclo 3540 — enviados:50/50 total_pub:176978 tasa_valid:100.0%
2026-04-20 08:30:46,255 [INFO] urbia.main — Ciclo 3552 — enviados:50/50 total_pub:177570 tasa_valid:100.0%
2026-04-20 08:31:51,484 [INFO] urbia.main — Ciclo 3564 — enviados:50/50 total_pub:178177 tasa_valid:100.0%
2026-04-20 08:32:56,716 [INFO] urbia.main — Ciclo 3576 — enviados:50/50 total_pub:178772 tasa_valid:100.0%
2026-04-20 08:34:01,958 [INFO] urbia.main — Ciclo 3588 — enviados:50/50 total_pub:179374 tasa_valid:100.0%
2026-04-20 08:35:07,169 [INFO] urbia.main — Ciclo 3600 — enviados:50/50 total_pub:179972 tasa_valid:100.0%
2026-04-20 08:36:12,369 [INFO] urbia.main — Ciclo 3612 — enviados:50/50 total_pub:180571 tasa_valid:100.0%
2026-04-20 08:37:17,569 [INFO] urbia.main — Ciclo 3624 — enviados:50/50 total_pub:181182 tasa_valid:100.0%
2026-04-20 08:38:22,789 [INFO] urbia.main — Ciclo 3636 — enviados:50/50 total_pub:181778 tasa_valid:100.0%
2026-04-20 08:39:28,065 [INFO] urbia.main — Ciclo 3648 — enviados:50/50 total_pub:182376 tasa_valid:100.0%
2026-04-20 08:40:33,281 [INFO] urbia.main — Ciclo 3660 — enviados:50/50 total_pub:182975 tasa_valid:100.0%
2026-04-20 08:41:38,505 [INFO] urbia.main — Ciclo 3672 — enviados:50/50 total_pub:183575 tasa_valid:100.0%
2026-04-20 08:42:43,747 [INFO] urbia.main — Ciclo 3684 — enviados:50/50 total_pub:184173 tasa_valid:100.0%
2026-04-20 08:43:48,963 [INFO] urbia.main — Ciclo 3696 — enviados:50/50 total_pub:184775 tasa_valid:100.0%
2026-04-20 08:44:54,141 [INFO] urbia.main — Ciclo 3708 — enviados:50/50 total_pub:185375 tasa_valid:100.0%
2026-04-20 08:45:59,376 [INFO] urbia.main — Ciclo 3720 — enviados:50/50 total_pub:185974 tasa_valid:100.0%
2026-04-20 08:47:04,590 [INFO] urbia.main — Ciclo 3732 — enviados:50/50 total_pub:186577 tasa_valid:100.0%
2026-04-20 08:48:09,796 [INFO] urbia.main — Ciclo 3744 — enviados:50/50 total_pub:187170 tasa_valid:100.0%
2026-04-20 08:49:14,984 [INFO] urbia.main — Ciclo 3756 — enviados:50/50 total_pub:187781 tasa_valid:100.0%
2026-04-20 08:50:20,165 [INFO] urbia.main — Ciclo 3768 — enviados:50/50 total_pub:188372 tasa_valid:100.0%
2026-04-20 08:51:25,378 [INFO] urbia.main — Ciclo 3780 — enviados:50/50 total_pub:188972 tasa_valid:100.0%
2026-04-20 08:52:30,597 [INFO] urbia.main — Ciclo 3792 — enviados:50/50 total_pub:189576 tasa_valid:100.0%
2026-04-20 08:53:35,814 [INFO] urbia.main — Ciclo 3804 — enviados:50/50 total_pub:190172 tasa_valid:100.0%
2026-04-20 08:54:40,993 [INFO] urbia.main — Ciclo 3816 — enviados:50/50 total_pub:190777 tasa_valid:100.0%
2026-04-20 08:55:46,245 [INFO] urbia.main — Ciclo 3828 — enviados:50/50 total_pub:191376 tasa_valid:100.0%
2026-04-20 08:56:51,488 [INFO] urbia.main — Ciclo 3840 — enviados:50/50 total_pub:191977 tasa_valid:100.0%
2026-04-20 08:57:56,712 [INFO] urbia.main — Ciclo 3852 — enviados:50/50 total_pub:192579 tasa_valid:100.0%
2026-04-20 08:59:01,953 [INFO] urbia.main — Ciclo 3864 — enviados:50/50 total_pub:193177 tasa_valid:100.0%
2026-04-20 09:00:07,186 [INFO] urbia.main — Ciclo 3876 — enviados:50/50 total_pub:193771 tasa_valid:100.0%
2026-04-20 09:01:12,405 [INFO] urbia.main — Ciclo 3888 — enviados:50/50 total_pub:194375 tasa_valid:100.0%
2026-04-20 09:02:17,644 [INFO] urbia.main — Ciclo 3900 — enviados:50/50 total_pub:194970 tasa_valid:100.0%
2026-04-20 09:03:22,827 [INFO] urbia.main — Ciclo 3912 — enviados:50/50 total_pub:195573 tasa_valid:100.0%
2026-04-20 09:04:28,087 [INFO] urbia.main — Ciclo 3924 — enviados:50/50 total_pub:196174 tasa_valid:100.0%
2026-04-20 09:05:33,310 [INFO] urbia.main — Ciclo 3936 — enviados:50/50 total_pub:196776 tasa_valid:100.0%
2026-04-20 09:06:38,532 [INFO] urbia.main — Ciclo 3948 — enviados:50/50 total_pub:197380 tasa_valid:100.0%
2026-04-20 09:07:43,770 [INFO] urbia.main — Ciclo 3960 — enviados:50/50 total_pub:197973 tasa_valid:100.0%
2026-04-20 09:08:48,996 [INFO] urbia.main — Ciclo 3972 — enviados:50/50 total_pub:198577 tasa_valid:100.0%
2026-04-20 09:09:54,285 [INFO] urbia.main — Ciclo 3984 — enviados:50/50 total_pub:199178 tasa_valid:100.0%
2026-04-20 09:10:59,486 [INFO] urbia.main — Ciclo 3996 — enviados:50/50 total_pub:199779 tasa_valid:100.0%
2026-04-20 09:12:04,734 [INFO] urbia.main — Ciclo 4008 — enviados:50/50 total_pub:200379 tasa_valid:100.0%
2026-04-20 09:13:09,977 [INFO] urbia.main — Ciclo 4020 — enviados:50/50 total_pub:200989 tasa_valid:100.0%
2026-04-20 09:14:15,191 [INFO] urbia.main — Ciclo 4032 — enviados:50/50 total_pub:201573 tasa_valid:100.0%
2026-04-20 09:15:20,429 [INFO] urbia.main — Ciclo 4044 — enviados:50/50 total_pub:202178 tasa_valid:100.0%
2026-04-20 09:16:25,615 [INFO] urbia.main — Ciclo 4056 — enviados:50/50 total_pub:202772 tasa_valid:100.0%
2026-04-20 09:17:30,850 [INFO] urbia.main — Ciclo 4068 — enviados:50/50 total_pub:203377 tasa_valid:100.0%
2026-04-20 09:18:36,092 [INFO] urbia.main — Ciclo 4080 — enviados:50/50 total_pub:203975 tasa_valid:100.0%
2026-04-20 09:19:41,314 [INFO] urbia.main — Ciclo 4092 — enviados:50/50 total_pub:204575 tasa_valid:100.0%
2026-04-20 09:20:46,526 [INFO] urbia.main — Ciclo 4104 — enviados:50/50 total_pub:205177 tasa_valid:100.0%
2026-04-20 09:21:51,723 [INFO] urbia.main — Ciclo 4116 — enviados:50/50 total_pub:205768 tasa_valid:100.0%
2026-04-20 09:22:56,999 [INFO] urbia.main — Ciclo 4128 — enviados:50/50 total_pub:206368 tasa_valid:100.0%
2026-04-20 09:24:02,174 [INFO] urbia.main — Ciclo 4140 — enviados:50/50 total_pub:206976 tasa_valid:100.0%
2026-04-20 09:25:07,358 [INFO] urbia.main — Ciclo 4152 — enviados:50/50 total_pub:207571 tasa_valid:100.0%
2026-04-20 09:26:12,578 [INFO] urbia.main — Ciclo 4164 — enviados:50/50 total_pub:208177 tasa_valid:100.0%
2026-04-20 09:27:17,801 [INFO] urbia.main — Ciclo 4176 — enviados:50/50 total_pub:208778 tasa_valid:100.0%
2026-04-20 09:28:23,022 [INFO] urbia.main — Ciclo 4188 — enviados:50/50 total_pub:209378 tasa_valid:100.0%
2026-04-20 09:29:28,229 [INFO] urbia.main — Ciclo 4200 — enviados:50/50 total_pub:209972 tasa_valid:100.0%
2026-04-20 09:30:33,460 [INFO] urbia.main — Ciclo 4212 — enviados:50/50 total_pub:210576 tasa_valid:100.0%
2026-04-20 09:31:38,710 [INFO] urbia.main — Ciclo 4224 — enviados:50/50 total_pub:211172 tasa_valid:100.0%
2026-04-20 09:32:43,902 [INFO] urbia.main — Ciclo 4236 — enviados:50/50 total_pub:211776 tasa_valid:100.0%
2026-04-20 09:33:49,114 [INFO] urbia.main — Ciclo 4248 — enviados:50/50 total_pub:212375 tasa_valid:100.0%
2026-04-20 09:34:54,347 [INFO] urbia.main — Ciclo 4260 — enviados:50/50 total_pub:212978 tasa_valid:100.0%
2026-04-20 09:35:59,619 [INFO] urbia.main — Ciclo 4272 — enviados:50/50 total_pub:213574 tasa_valid:100.0%
2026-04-20 09:37:04,900 [INFO] urbia.main — Ciclo 4284 — enviados:50/50 total_pub:214178 tasa_valid:100.0%
2026-04-20 09:38:10,105 [INFO] urbia.main — Ciclo 4296 — enviados:50/50 total_pub:214778 tasa_valid:100.0%
2026-04-20 09:39:15,344 [INFO] urbia.main — Ciclo 4308 — enviados:50/50 total_pub:215375 tasa_valid:100.0%
2026-04-20 09:40:20,569 [INFO] urbia.main — Ciclo 4320 — enviados:50/50 total_pub:215971 tasa_valid:100.0%
2026-04-20 09:41:25,841 [INFO] urbia.main — Ciclo 4332 — enviados:50/50 total_pub:216573 tasa_valid:100.0%
2026-04-20 09:42:31,039 [INFO] urbia.main — Ciclo 4344 — enviados:50/50 total_pub:217177 tasa_valid:100.0%
2026-04-20 09:43:36,275 [INFO] urbia.main — Ciclo 4356 — enviados:50/50 total_pub:217774 tasa_valid:100.0%
2026-04-20 09:44:41,550 [INFO] urbia.main — Ciclo 4368 — enviados:50/50 total_pub:218372 tasa_valid:100.0%
2026-04-20 09:45:46,789 [INFO] urbia.main — Ciclo 4380 — enviados:50/50 total_pub:218974 tasa_valid:100.0%
2026-04-20 09:46:52,038 [INFO] urbia.main — Ciclo 4392 — enviados:50/50 total_pub:219572 tasa_valid:100.0%
2026-04-20 09:47:57,275 [INFO] urbia.main — Ciclo 4404 — enviados:50/50 total_pub:220170 tasa_valid:100.0%
2026-04-20 09:49:02,489 [INFO] urbia.main — Ciclo 4416 — enviados:50/50 total_pub:220773 tasa_valid:100.0%
2026-04-20 09:50:07,754 [INFO] urbia.main — Ciclo 4428 — enviados:50/50 total_pub:221379 tasa_valid:100.0%
2026-04-20 09:51:13,002 [INFO] urbia.main — Ciclo 4440 — enviados:50/50 total_pub:221977 tasa_valid:100.0%
2026-04-20 09:52:18,192 [INFO] urbia.main — Ciclo 4452 — enviados:50/50 total_pub:222570 tasa_valid:100.0%
2026-04-20 09:53:23,407 [INFO] urbia.main — Ciclo 4464 — enviados:50/50 total_pub:223172 tasa_valid:100.0%
2026-04-20 09:54:28,635 [INFO] urbia.main — Ciclo 4476 — enviados:50/50 total_pub:223774 tasa_valid:100.0%
2026-04-20 09:55:33,852 [INFO] urbia.main — Ciclo 4488 — enviados:50/50 total_pub:224375 tasa_valid:100.0%
2026-04-20 09:56:39,061 [INFO] urbia.main — Ciclo 4500 — enviados:50/50 total_pub:224975 tasa_valid:100.0%
2026-04-20 09:57:44,240 [INFO] urbia.main — Ciclo 4512 — enviados:50/50 total_pub:225571 tasa_valid:100.0%
2026-04-20 09:58:49,472 [INFO] urbia.main — Ciclo 4524 — enviados:50/50 total_pub:226181 tasa_valid:100.0%
2026-04-20 09:59:54,696 [INFO] urbia.main — Ciclo 4536 — enviados:50/50 total_pub:226777 tasa_valid:100.0%
2026-04-20 10:00:59,900 [INFO] urbia.main — Ciclo 4548 — enviados:50/50 total_pub:227379 tasa_valid:100.0%
2026-04-20 10:02:05,124 [INFO] urbia.main — Ciclo 4560 — enviados:50/50 total_pub:227979 tasa_valid:100.0%
2026-04-20 10:03:10,369 [INFO] urbia.main — Ciclo 4572 — enviados:50/50 total_pub:228578 tasa_valid:100.0%
2026-04-20 10:04:15,576 [INFO] urbia.main — Ciclo 4584 — enviados:50/50 total_pub:229180 tasa_valid:100.0%
2026-04-20 10:05:20,770 [INFO] urbia.main — Ciclo 4596 — enviados:50/50 total_pub:229776 tasa_valid:100.0%
2026-04-20 10:06:25,973 [INFO] urbia.main — Ciclo 4608 — enviados:50/50 total_pub:230379 tasa_valid:100.0%
2026-04-20 10:07:31,220 [INFO] urbia.main — Ciclo 4620 — enviados:50/50 total_pub:230974 tasa_valid:100.0%
2026-04-20 10:08:36,436 [INFO] urbia.main — Ciclo 4632 — enviados:50/50 total_pub:231574 tasa_valid:100.0%
2026-04-20 10:09:41,693 [INFO] urbia.main — Ciclo 4644 — enviados:50/50 total_pub:232179 tasa_valid:100.0%
2026-04-20 10:10:46,908 [INFO] urbia.main — Ciclo 4656 — enviados:50/50 total_pub:232774 tasa_valid:100.0%
2026-04-20 10:11:52,119 [INFO] urbia.main — Ciclo 4668 — enviados:50/50 total_pub:233381 tasa_valid:100.0%
2026-04-20 10:12:57,376 [INFO] urbia.main — Ciclo 4680 — enviados:50/50 total_pub:233973 tasa_valid:100.0%
2026-04-20 10:14:02,545 [INFO] urbia.main — Ciclo 4692 — enviados:50/50 total_pub:234570 tasa_valid:100.0%
2026-04-20 10:15:07,747 [INFO] urbia.main — Ciclo 4704 — enviados:50/50 total_pub:235174 tasa_valid:100.0%
2026-04-20 10:16:13,000 [INFO] urbia.main — Ciclo 4716 — enviados:50/50 total_pub:235770 tasa_valid:100.0%
2026-04-20 10:17:18,193 [INFO] urbia.main — Ciclo 4728 — enviados:50/50 total_pub:236375 tasa_valid:100.0%
2026-04-20 10:18:23,434 [INFO] urbia.main — Ciclo 4740 — enviados:50/50 total_pub:236976 tasa_valid:100.0%
2026-04-20 10:19:28,661 [INFO] urbia.main — Ciclo 4752 — enviados:50/50 total_pub:237580 tasa_valid:100.0%
2026-04-20 10:20:33,939 [INFO] urbia.main — Ciclo 4764 — enviados:50/50 total_pub:238172 tasa_valid:100.0%
2026-04-20 10:21:39,173 [INFO] urbia.main — Ciclo 4776 — enviados:50/50 total_pub:238774 tasa_valid:100.0%
2026-04-20 10:22:44,434 [INFO] urbia.main — Ciclo 4788 — enviados:50/50 total_pub:239379 tasa_valid:100.0%
2026-04-20 10:23:49,631 [INFO] urbia.main — Ciclo 4800 — enviados:50/50 total_pub:239976 tasa_valid:100.0%
2026-04-20 10:24:54,876 [INFO] urbia.main — Ciclo 4812 — enviados:50/50 total_pub:240579 tasa_valid:100.0%
2026-04-20 10:26:00,105 [INFO] urbia.main — Ciclo 4824 — enviados:50/50 total_pub:241176 tasa_valid:100.0%
2026-04-20 10:27:05,308 [INFO] urbia.main — Ciclo 4836 — enviados:50/50 total_pub:241775 tasa_valid:100.0%
2026-04-20 10:28:10,538 [INFO] urbia.main — Ciclo 4848 — enviados:50/50 total_pub:242378 tasa_valid:100.0%
2026-04-20 10:29:15,717 [INFO] urbia.main — Ciclo 4860 — enviados:50/50 total_pub:242973 tasa_valid:100.0%
2026-04-20 10:30:20,957 [INFO] urbia.main — Ciclo 4872 — enviados:50/50 total_pub:243579 tasa_valid:100.0%
2026-04-20 10:31:26,162 [INFO] urbia.main — Ciclo 4884 — enviados:50/50 total_pub:244178 tasa_valid:100.0%
2026-04-20 10:32:31,363 [INFO] urbia.main — Ciclo 4896 — enviados:50/50 total_pub:244773 tasa_valid:100.0%
2026-04-20 10:33:36,582 [INFO] urbia.main — Ciclo 4908 — enviados:50/50 total_pub:245374 tasa_valid:100.0%
2026-04-20 10:34:41,873 [INFO] urbia.main — Ciclo 4920 — enviados:50/50 total_pub:245979 tasa_valid:100.0%
2026-04-20 10:35:47,086 [INFO] urbia.main — Ciclo 4932 — enviados:50/50 total_pub:246575 tasa_valid:100.0%
2026-04-20 10:36:52,299 [INFO] urbia.main — Ciclo 4944 — enviados:50/50 total_pub:247171 tasa_valid:100.0%
2026-04-20 10:37:57,527 [INFO] urbia.main — Ciclo 4956 — enviados:50/50 total_pub:247778 tasa_valid:100.0%
2026-04-20 10:39:02,764 [INFO] urbia.main — Ciclo 4968 — enviados:50/50 total_pub:248376 tasa_valid:100.0%
2026-04-20 10:40:08,012 [INFO] urbia.main — Ciclo 4980 — enviados:50/50 total_pub:248973 tasa_valid:100.0%
2026-04-20 10:41:13,194 [INFO] urbia.main — Ciclo 4992 — enviados:50/50 total_pub:249576 tasa_valid:100.0%
2026-04-20 10:42:18,440 [INFO] urbia.main — Ciclo 5004 — enviados:50/50 total_pub:250175 tasa_valid:100.0%
2026-04-20 10:43:23,661 [INFO] urbia.main — Ciclo 5016 — enviados:50/50 total_pub:250777 tasa_valid:100.0%
2026-04-20 10:44:28,850 [INFO] urbia.main — Ciclo 5028 — enviados:50/50 total_pub:251371 tasa_valid:100.0%
2026-04-20 10:45:34,055 [INFO] urbia.main — Ciclo 5040 — enviados:50/50 total_pub:251972 tasa_valid:100.0%
2026-04-20 10:46:39,269 [INFO] urbia.main — Ciclo 5052 — enviados:50/50 total_pub:252577 tasa_valid:100.0%
2026-04-20 10:47:44,495 [INFO] urbia.main — Ciclo 5064 — enviados:50/50 total_pub:253176 tasa_valid:100.0%
2026-04-20 10:48:49,702 [INFO] urbia.main — Ciclo 5076 — enviados:50/50 total_pub:253777 tasa_valid:100.0%
2026-04-20 10:49:54,916 [INFO] urbia.main — Ciclo 5088 — enviados:50/50 total_pub:254372 tasa_valid:100.0%
2026-04-20 10:51:00,109 [INFO] urbia.main — Ciclo 5100 — enviados:50/50 total_pub:254978 tasa_valid:100.0%
2026-04-20 10:52:05,353 [INFO] urbia.main — Ciclo 5112 — enviados:50/50 total_pub:255569 tasa_valid:100.0%
2026-04-20 10:53:10,561 [INFO] urbia.main — Ciclo 5124 — enviados:50/50 total_pub:256174 tasa_valid:100.0%
2026-04-20 10:54:15,764 [INFO] urbia.main — Ciclo 5136 — enviados:50/50 total_pub:256774 tasa_valid:100.0%
2026-04-20 10:55:20,980 [INFO] urbia.main — Ciclo 5148 — enviados:50/50 total_pub:257375 tasa_valid:100.0%
2026-04-20 10:56:26,191 [INFO] urbia.main — Ciclo 5160 — enviados:50/50 total_pub:257975 tasa_valid:100.0%
2026-04-20 10:57:31,429 [INFO] urbia.main — Ciclo 5172 — enviados:50/50 total_pub:258578 tasa_valid:100.0%
2026-04-20 10:58:36,641 [INFO] urbia.main — Ciclo 5184 — enviados:50/50 total_pub:259177 tasa_valid:100.0%
2026-04-20 10:59:41,854 [INFO] urbia.main — Ciclo 5196 — enviados:50/50 total_pub:259779 tasa_valid:100.0%
2026-04-20 11:00:47,119 [INFO] urbia.main — Ciclo 5208 — enviados:50/50 total_pub:260374 tasa_valid:100.0%
2026-04-20 11:01:52,370 [INFO] urbia.main — Ciclo 5220 — enviados:50/50 total_pub:260972 tasa_valid:100.0%
2026-04-20 11:02:57,613 [INFO] urbia.main — Ciclo 5232 — enviados:50/50 total_pub:261575 tasa_valid:100.0%
2026-04-20 11:04:02,781 [INFO] urbia.main — Ciclo 5244 — enviados:50/50 total_pub:262170 tasa_valid:100.0%
2026-04-20 11:05:07,992 [INFO] urbia.main — Ciclo 5256 — enviados:50/50 total_pub:262771 tasa_valid:100.0%
2026-04-20 11:06:13,226 [INFO] urbia.main — Ciclo 5268 — enviados:50/50 total_pub:263378 tasa_valid:100.0%
2026-04-20 11:07:18,410 [INFO] urbia.main — Ciclo 5280 — enviados:50/50 total_pub:263973 tasa_valid:100.0%
2026-04-20 11:08:23,634 [INFO] urbia.main — Ciclo 5292 — enviados:50/50 total_pub:264579 tasa_valid:100.0%
2026-04-20 11:09:28,854 [INFO] urbia.main — Ciclo 5304 — enviados:50/50 total_pub:265172 tasa_valid:100.0%
2026-04-20 11:10:34,086 [INFO] urbia.main — Ciclo 5316 — enviados:50/50 total_pub:265772 tasa_valid:100.0%
2026-04-20 11:11:39,322 [INFO] urbia.main — Ciclo 5328 — enviados:50/50 total_pub:266373 tasa_valid:100.0%
2026-04-20 11:12:44,504 [INFO] urbia.main — Ciclo 5340 — enviados:50/50 total_pub:266974 tasa_valid:100.0%
2026-04-20 11:13:49,709 [INFO] urbia.main — Ciclo 5352 — enviados:50/50 total_pub:267576 tasa_valid:100.0%
2026-04-20 11:14:54,982 [INFO] urbia.main — Ciclo 5364 — enviados:50/50 total_pub:268178 tasa_valid:100.0%
2026-04-20 11:16:00,217 [INFO] urbia.main — Ciclo 5376 — enviados:50/50 total_pub:268778 tasa_valid:100.0%
2026-04-20 11:17:05,462 [INFO] urbia.main — Ciclo 5388 — enviados:50/50 total_pub:269376 tasa_valid:100.0%
2026-04-20 11:18:10,662 [INFO] urbia.main — Ciclo 5400 — enviados:50/50 total_pub:269973 tasa_valid:100.0%
2026-04-20 11:19:15,915 [INFO] urbia.main — Ciclo 5412 — enviados:50/50 total_pub:270572 tasa_valid:100.0%
2026-04-20 11:20:21,128 [INFO] urbia.main — Ciclo 5424 — enviados:50/50 total_pub:271178 tasa_valid:100.0%
2026-04-20 11:21:26,331 [INFO] urbia.main — Ciclo 5436 — enviados:50/50 total_pub:271771 tasa_valid:100.0%
2026-04-20 11:22:31,556 [INFO] urbia.main — Ciclo 5448 — enviados:50/50 total_pub:272371 tasa_valid:100.0%
2026-04-20 11:23:36,798 [INFO] urbia.main — Ciclo 5460 — enviados:50/50 total_pub:272975 tasa_valid:100.0%
2026-04-20 11:24:41,986 [INFO] urbia.main — Ciclo 5472 — enviados:50/50 total_pub:273569 tasa_valid:100.0%
2026-04-20 11:25:47,223 [INFO] urbia.main — Ciclo 5484 — enviados:50/50 total_pub:274180 tasa_valid:100.0%
2026-04-20 11:26:52,405 [INFO] urbia.main — Ciclo 5496 — enviados:50/50 total_pub:274772 tasa_valid:100.0%
2026-04-20 11:27:57,680 [INFO] urbia.main — Ciclo 5508 — enviados:50/50 total_pub:275378 tasa_valid:100.0%
2026-04-20 11:29:02,848 [INFO] urbia.main — Ciclo 5520 — enviados:50/50 total_pub:275974 tasa_valid:100.0%
2026-04-20 11:30:08,048 [INFO] urbia.main — Ciclo 5532 — enviados:50/50 total_pub:276575 tasa_valid:100.0%
2026-04-20 11:31:13,279 [INFO] urbia.main — Ciclo 5544 — enviados:50/50 total_pub:277176 tasa_valid:100.0%
2026-04-20 11:32:18,523 [INFO] urbia.main — Ciclo 5556 — enviados:50/50 total_pub:277775 tasa_valid:100.0%
2026-04-20 11:33:23,760 [INFO] urbia.main — Ciclo 5568 — enviados:50/50 total_pub:278378 tasa_valid:100.0%
2026-04-20 11:34:28,973 [INFO] urbia.main — Ciclo 5580 — enviados:50/50 total_pub:278974 tasa_valid:100.0%
2026-04-20 11:35:34,199 [INFO] urbia.main — Ciclo 5592 — enviados:50/50 total_pub:279573 tasa_valid:100.0%
2026-04-20 11:36:39,466 [INFO] urbia.main — Ciclo 5604 — enviados:50/50 total_pub:280178 tasa_valid:100.0%
2026-04-20 11:37:44,657 [INFO] urbia.main — Ciclo 5616 — enviados:50/50 total_pub:280777 tasa_valid:100.0%
2026-04-20 11:38:49,889 [INFO] urbia.main — Ciclo 5628 — enviados:50/50 total_pub:281378 tasa_valid:100.0%
2026-04-20 11:39:55,089 [INFO] urbia.main — Ciclo 5640 — enviados:50/50 total_pub:281977 tasa_valid:100.0%
2026-04-20 11:41:00,315 [INFO] urbia.main — Ciclo 5652 — enviados:50/50 total_pub:282571 tasa_valid:100.0%
2026-04-20 11:42:05,538 [INFO] urbia.main — Ciclo 5664 — enviados:50/50 total_pub:283175 tasa_valid:100.0%
2026-04-20 11:43:10,739 [INFO] urbia.main — Ciclo 5676 — enviados:50/50 total_pub:283773 tasa_valid:100.0%
2026-04-20 11:44:15,989 [INFO] urbia.main — Ciclo 5688 — enviados:50/50 total_pub:284379 tasa_valid:100.0%
2026-04-20 11:45:21,172 [INFO] urbia.main — Ciclo 5700 — enviados:50/50 total_pub:284969 tasa_valid:100.0%
2026-04-20 11:46:26,411 [INFO] urbia.main — Ciclo 5712 — enviados:50/50 total_pub:285570 tasa_valid:100.0%
2026-04-20 11:47:31,635 [INFO] urbia.main — Ciclo 5724 — enviados:50/50 total_pub:286177 tasa_valid:100.0%
2026-04-20 11:48:36,849 [INFO] urbia.main — Ciclo 5736 — enviados:50/50 total_pub:286773 tasa_valid:100.0%
2026-04-20 11:49:42,034 [INFO] urbia.main — Ciclo 5748 — enviados:50/50 total_pub:287378 tasa_valid:100.0%
2026-04-20 11:50:47,269 [INFO] urbia.main — Ciclo 5760 — enviados:50/50 total_pub:287968 tasa_valid:100.0%
2026-04-20 11:51:52,433 [INFO] urbia.main — Ciclo 5772 — enviados:50/50 total_pub:288571 tasa_valid:100.0%
2026-04-20 11:52:57,652 [INFO] urbia.main — Ciclo 5784 — enviados:50/50 total_pub:289174 tasa_valid:100.0%
2026-04-20 11:54:02,904 [INFO] urbia.main — Ciclo 5796 — enviados:50/50 total_pub:289774 tasa_valid:100.0%
2026-04-20 11:55:08,152 [INFO] urbia.main — Ciclo 5808 — enviados:50/50 total_pub:290376 tasa_valid:100.0%
2026-04-20 11:56:13,336 [INFO] urbia.main — Ciclo 5820 — enviados:50/50 total_pub:290977 tasa_valid:100.0%
2026-04-20 11:57:18,539 [INFO] urbia.main — Ciclo 5832 — enviados:50/50 total_pub:291573 tasa_valid:100.0%
2026-04-20 11:58:23,752 [INFO] urbia.main — Ciclo 5844 — enviados:50/50 total_pub:292179 tasa_valid:100.0%
2026-04-20 11:59:28,988 [INFO] urbia.main — Ciclo 5856 — enviados:50/50 total_pub:292775 tasa_valid:100.0%
2026-04-20 12:00:34,168 [INFO] urbia.main — Ciclo 5868 — enviados:50/50 total_pub:293375 tasa_valid:100.0%
2026-04-20 12:01:39,369 [INFO] urbia.main — Ciclo 5880 — enviados:50/50 total_pub:293971 tasa_valid:100.0%
2026-04-20 12:02:44,602 [INFO] urbia.main — Ciclo 5892 — enviados:50/50 total_pub:294575 tasa_valid:100.0%
2026-04-20 12:03:49,856 [INFO] urbia.main — Ciclo 5904 — enviados:50/50 total_pub:295173 tasa_valid:100.0%
2026-04-20 12:04:55,035 [INFO] urbia.main — Ciclo 5916 — enviados:50/50 total_pub:295780 tasa_valid:100.0%
2026-04-20 12:06:00,236 [INFO] urbia.main — Ciclo 5928 — enviados:50/50 total_pub:296370 tasa_valid:100.0%
2026-04-20 12:07:05,437 [INFO] urbia.main — Ciclo 5940 — enviados:50/50 total_pub:296973 tasa_valid:100.0%
2026-04-20 12:08:10,676 [INFO] urbia.main — Ciclo 5952 — enviados:50/50 total_pub:297571 tasa_valid:100.0%
2026-04-20 12:09:15,936 [INFO] urbia.main — Ciclo 5964 — enviados:50/50 total_pub:298177 tasa_valid:100.0%
2026-04-20 12:10:21,123 [INFO] urbia.main — Ciclo 5976 — enviados:50/50 total_pub:298771 tasa_valid:100.0%
2026-04-20 12:11:26,336 [INFO] urbia.main — Ciclo 5988 — enviados:50/50 total_pub:299378 tasa_valid:100.0%
2026-04-20 12:12:31,580 [INFO] urbia.main — Ciclo 6000 — enviados:50/50 total_pub:299975 tasa_valid:100.0%
2026-04-20 12:13:36,802 [INFO] urbia.main — Ciclo 6012 — enviados:50/50 total_pub:300579 tasa_valid:100.0%
2026-04-20 12:14:42,027 [INFO] urbia.main — Ciclo 6024 — enviados:50/50 total_pub:301174 tasa_valid:100.0%
2026-04-20 12:15:47,228 [INFO] urbia.main — Ciclo 6036 — enviados:50/50 total_pub:301777 tasa_valid:100.0%
2026-04-20 12:16:52,461 [INFO] urbia.main — Ciclo 6048 — enviados:50/50 total_pub:302378 tasa_valid:100.0%
2026-04-20 12:17:57,730 [INFO] urbia.main — Ciclo 6060 — enviados:50/50 total_pub:302979 tasa_valid:100.0%
2026-04-20 12:19:02,945 [INFO] urbia.main — Ciclo 6072 — enviados:50/50 total_pub:303577 tasa_valid:100.0%
2026-04-20 12:20:08,121 [INFO] urbia.main — Ciclo 6084 — enviados:50/50 total_pub:304173 tasa_valid:100.0%
2026-04-20 12:21:13,311 [INFO] urbia.main — Ciclo 6096 — enviados:50/50 total_pub:304777 tasa_valid:100.0%
2026-04-20 12:22:18,564 [INFO] urbia.main — Ciclo 6108 — enviados:50/50 total_pub:305375 tasa_valid:100.0%
2026-04-20 12:23:23,783 [INFO] urbia.main — Ciclo 6120 — enviados:50/50 total_pub:305977 tasa_valid:100.0%
2026-04-20 12:24:28,973 [INFO] urbia.main — Ciclo 6132 — enviados:50/50 total_pub:306573 tasa_valid:100.0%
2026-04-20 12:25:34,212 [INFO] urbia.main — Ciclo 6144 — enviados:50/50 total_pub:307180 tasa_valid:100.0%
2026-04-20 12:26:39,439 [INFO] urbia.main — Ciclo 6156 — enviados:50/50 total_pub:307778 tasa_valid:100.0%
2026-04-20 12:27:44,665 [INFO] urbia.main — Ciclo 6168 — enviados:50/50 total_pub:308377 tasa_valid:100.0%
2026-04-20 12:28:49,885 [INFO] urbia.main — Ciclo 6180 — enviados:50/50 total_pub:308976 tasa_valid:100.0%
2026-04-20 12:29:55,143 [INFO] urbia.main — Ciclo 6192 — enviados:50/50 total_pub:309579 tasa_valid:100.0%
2026-04-20 12:31:00,383 [INFO] urbia.main — Ciclo 6204 — enviados:50/50 total_pub:310181 tasa_valid:100.0%
2026-04-20 12:32:05,606 [INFO] urbia.main — Ciclo 6216 — enviados:50/50 total_pub:310775 tasa_valid:100.0%
2026-04-20 12:33:10,801 [INFO] urbia.main — Ciclo 6228 — enviados:50/50 total_pub:311374 tasa_valid:100.0%
2026-04-20 12:34:16,028 [INFO] urbia.main — Ciclo 6240 — enviados:50/50 total_pub:311979 tasa_valid:100.0%
2026-04-20 12:35:21,273 [INFO] urbia.main — Ciclo 6252 — enviados:50/50 total_pub:312579 tasa_valid:100.0%
2026-04-20 12:36:26,446 [INFO] urbia.main — Ciclo 6264 — enviados:50/50 total_pub:313176 tasa_valid:100.0%
2026-04-20 12:37:31,656 [INFO] urbia.main — Ciclo 6276 — enviados:50/50 total_pub:313774 tasa_valid:100.0%
2026-04-20 12:38:36,858 [INFO] urbia.main — Ciclo 6288 — enviados:50/50 total_pub:314370 tasa_valid:100.0%
2026-04-20 12:39:42,091 [INFO] urbia.main — Ciclo 6300 — enviados:50/50 total_pub:314979 tasa_valid:100.0%
2026-04-20 12:40:47,298 [INFO] urbia.main — Ciclo 6312 — enviados:50/50 total_pub:315571 tasa_valid:100.0%
2026-04-20 12:41:52,519 [INFO] urbia.main — Ciclo 6324 — enviados:50/50 total_pub:316173 tasa_valid:100.0%
2026-04-20 12:42:57,738 [INFO] urbia.main — Ciclo 6336 — enviados:50/50 total_pub:316774 tasa_valid:100.0%
2026-04-20 12:44:03,005 [INFO] urbia.main — Ciclo 6348 — enviados:50/50 total_pub:317380 tasa_valid:100.0%
2026-04-20 12:45:08,246 [INFO] urbia.main — Ciclo 6360 — enviados:50/50 total_pub:317975 tasa_valid:100.0%
2026-04-20 12:46:13,481 [INFO] urbia.main — Ciclo 6372 — enviados:50/50 total_pub:318571 tasa_valid:100.0%
2026-04-20 12:47:18,667 [INFO] urbia.main — Ciclo 6384 — enviados:50/50 total_pub:319179 tasa_valid:100.0%
2026-04-20 12:48:23,887 [INFO] urbia.main — Ciclo 6396 — enviados:50/50 total_pub:319774 tasa_valid:100.0%
2026-04-20 12:49:29,136 [INFO] urbia.main — Ciclo 6408 — enviados:50/50 total_pub:320376 tasa_valid:100.0%
2026-04-20 12:50:34,372 [INFO] urbia.main — Ciclo 6420 — enviados:50/50 total_pub:320978 tasa_valid:100.0%
2026-04-20 12:51:39,578 [INFO] urbia.main — Ciclo 6432 — enviados:50/50 total_pub:321575 tasa_valid:100.0%
2026-04-20 12:52:44,812 [INFO] urbia.main — Ciclo 6444 — enviados:50/50 total_pub:322176 tasa_valid:100.0%
2026-04-20 12:53:50,053 [INFO] urbia.main — Ciclo 6456 — enviados:50/50 total_pub:322772 tasa_valid:100.0%
2026-04-20 12:54:55,277 [INFO] urbia.main — Ciclo 6468 — enviados:50/50 total_pub:323370 tasa_valid:100.0%
